// Jest Snapshot v1, https://goo.gl/fbAQLP

exports[`ListView Component renders 1`] = `
<withStyles(List)>
  <withStyles(ListItem)
    className="ListViewComponent-noTopPadding-1"
  >
    <TextField
      InputProps={
        Object {
          "autoFocus": true,
          "tabIndex": 0,
        }
      }
      className="search"
      fullWidth={true}
      label="Search..."
      margin="none"
      onChange={[Function]}
      required={false}
      select={false}
      type="search"
      value=""
    />
  </withStyles(ListItem)>
  <Connect(Component)
    filter=""
  />
</withStyles(List)>
`;
